XV6_TEST_OUTPUT:100
XV6_TEST_OUTPUT:10
XV6_TEST_OUTPUT:1
